▲ Next.js 16.1.6 (Turbopack)
- Environments: .env.local

  Creating an optimized production build ...

> Build error occurred
Error: ENOENT: no such file or directory, open '/home/jesser/Desktop/SILKDEV/silklearn-website/.next/static/QpAz4lDKkWcGOM1O6LaV8/_buildManifest.js.tmp.h1royfwjhmg'
    at ignore-listed frames
BUILD_EXIT:1
